[goda_page_active] http=200 ads=30 total=96 https://www.facebook.com/ads/library/?active_status=active&ad_type=all&country=US&media_type=all&search_type=page&view_all_page_id=123971964123694
[goda_page_pre2026-04] http=200 ads=3 total=3 https://www.facebook.com/ads/library/?active_status=active&ad_type=all&country=US&media_type=all&search_type=page&view_all_page_id=123971964123694&start_date[max]=2026-03-31
[over40fabulous_page_all] http=200 ads=30 total=8854 https://www.facebook.com/ads/library/?active_status=all&ad_type=all&country=US&media_type=all&search_type=page&view_all_page_id=691427450714766
[drlilamerrit_page_all] http=200 ads=0 total=None https://www.facebook.com/ads/library/?active_status=all&ad_type=all&country=US&media_type=all&search_type=page&view_all_page_id=732023073327451
[kw_goda_silk_body_oil] http=200 ads=30 total=3953 https://www.facebook.com/ads/library/?active_status=active&ad_type=all&country=US&media_type=all&q=goda.co&search_type=keyword_unordered
[drmtlgy_page_active_pre2026-06] http=200 ads=30 total=43 https://www.facebook.com/ads/library/?active_status=active&ad_type=all&country=US&media_type=all&search_type=page&view_all_page_id=1089860041103335&start_date[max]=2026-05-31
[kw_drmtlgy_retinol_body] http=200 ads=30 total=825 https://www.facebook.com/ads/library/?active_status=active&ad_type=all&country=US&media_type=all&q=retinol%20body%20lotion%20crepey&search_type=keyword_unordered
[crepe_erase_kw] http=200 ads=0 total=None https://www.facebook.com/ads/library/?active_status=active&ad_type=all&country=US&media_type=all&q=crepe%20erase&search_type=keyword_unordered
[saeskyn_page_active] http=200 ads=30 total=430 https://www.facebook.com/ads/library/?active_status=active&ad_type=all&country=US&media_type=all&search_type=page&view_all_page_id=683748144815985
[turmskin_page_active] http=200 ads=23 total=23 https://www.facebook.com/ads/library/?active_status=active&ad_type=all&country=US&media_type=all&search_type=page&view_all_page_id=420143697843183
[besque_page_active] http=200 ads=30 total=257 https://www.facebook.com/ads/library/?active_status=active&ad_type=all&country=US&media_type=all&search_type=page&view_all_page_id=114239804036917
[feline_page_active] http=200 ads=30 total=82 https://www.facebook.com/ads/library/?active_status=active&ad_type=all&country=US&media_type=all&search_type=page&view_all_page_id=929801383741023
[annes_blog_page_active] http=200 ads=30 total=468 https://www.facebook.com/ads/library/?active_status=active&ad_type=all&country=US&media_type=all&search_type=page&view_all_page_id=281672218366936
[kw_osea_body_oil] http=200 ads=30 total=36 https://www.facebook.com/ads/library/?active_status=active&ad_type=all&country=US&media_type=all&q=undaria%20algae%20body%20oil&search_type=keyword_unordered
[kw_necessaire_body_retinol] http=200 ads=28 total=4502 https://www.facebook.com/ads/library/?active_status=active&ad_type=all&country=US&media_type=all&q=body%20retinol&search_type=keyword_unordered
[kw_gold_bond_crepe] http=err Page.content: Unable to retrieve content because the page is navigating and changing the content. ads=0 total=None https://www.facebook.com/ads/library/?active_status=active&ad_type=all&country=US&media_type=all&q=crepe%20corrector&search_type=keyword_unordered
  403/err -> backoff 240s
[kw_gold_bond_crepe] http=200 ads=30 total=277 https://www.facebook.com/ads/library/?active_status=active&ad_type=all&country=US&media_type=all&q=crepe%20corrector&search_type=keyword_unordered
[kw_crepey_skin_video_2026-09] http=200 ads=30 total=7203 https://www.facebook.com/ads/library/?active_status=active&ad_type=all&country=US&media_type=video&q=crepey%20skin&search_type=keyword_unordered&start_date[min]=2026-09-01
[kw_crepey_skin_image_pre2026-07] http=200 ads=19 total=19 https://www.facebook.com/ads/library/?active_status=active&ad_type=all&country=US&media_type=image&q=crepey%20skin&search_type=keyword_unordered&start_date[max]=2026-06-30
[nordbody_page_active] http=200 ads=30 total=609 https://www.facebook.com/ads/library/?active_status=active&ad_type=all&country=US&media_type=all&search_type=page&view_all_page_id=1162941896892016
[body_confidence_daily_page_active] http=200 ads=30 total=181 https://www.facebook.com/ads/library/?active_status=active&ad_type=all&country=US&media_type=all&search_type=page&view_all_page_id=820493664476157
[vitaecharm_page_active] http=200 ads=30 total=59 https://www.facebook.com/ads/library/?active_status=active&ad_type=all&country=US&media_type=all&search_type=page&view_all_page_id=321287208643721
[miamimd_page_active] http=200 ads=30 total=753 https://www.facebook.com/ads/library/?active_status=active&ad_type=all&country=US&media_type=all&search_type=page&view_all_page_id=109505650695478
[healthyclub_page_active] http=200 ads=8 total=8 https://www.facebook.com/ads/library/?active_status=active&ad_type=all&country=US&media_type=all&search_type=page&view_all_page_id=686797521181950
[40plusfabulous_page_active] http=200 ads=30 total=72 https://www.facebook.com/ads/library/?active_status=active&ad_type=all&country=US&media_type=all&search_type=page&view_all_page_id=465173070005445
[joanna_woodley_page_active] http=200 ads=30 total=75 https://www.facebook.com/ads/library/?active_status=active&ad_type=all&country=US&media_type=all&search_type=page&view_all_page_id=697744180095553
[kw_body_oil_over_50_retry] http=200 ads=30 total=50001 https://www.facebook.com/ads/library/?active_status=active&ad_type=all&country=US&media_type=all&q=body%20oil%20over%2050&search_type=keyword_unordered
[evora_page_all_2026-09-01_15] http=200 ads=30 total=105 https://www.facebook.com/ads/library/?active_status=all&ad_type=all&country=US&media_type=all&search_type=page&view_all_page_id=1031841923353593&start_date[min]=2026-09-01&start_date[max]=2026-09-15
[natalie_brooks_pre2026-09_retry] http=200 ads=30 total=40 https://www.facebook.com/ads/library/?active_status=all&ad_type=all&country=US&media_type=all&search_type=page&view_all_page_id=998946876632416&start_date[max]=2026-08-31
