[evora_page_active_video] http=200 ads=30 total=170 https://www.facebook.com/ads/library/?active_status=active&ad_type=all&country=US&media_type=video&search_type=page&view_all_page_id=1031841923353593
[evora_page_active_image] http=200 ads=0 total=None https://www.facebook.com/ads/library/?active_status=active&ad_type=all&country=US&media_type=image&search_type=page&view_all_page_id=1031841923353593
[evora_page_all_pre2026-08] http=403 ads=0 total=None https://www.facebook.com/ads/library/?active_status=all&ad_type=all&country=US&media_type=all&search_type=page&view_all_page_id=1031841923353593&start_date[max]=2026-07-31
  403/err -> backoff 240s
[evora_page_all_pre2026-08] http=200 ads=15 total=15 https://www.facebook.com/ads/library/?active_status=all&ad_type=all&country=US&media_type=all&search_type=page&view_all_page_id=1031841923353593&start_date[max]=2026-07-31
[evora_page_all_2026-08] http=200 ads=30 total=40 https://www.facebook.com/ads/library/?active_status=all&ad_type=all&country=US&media_type=all&search_type=page&view_all_page_id=1031841923353593&start_date[min]=2026-08-01&start_date[max]=2026-08-31
[evora_page_all_2026-09plus] http=200 ads=30 total=291 https://www.facebook.com/ads/library/?active_status=all&ad_type=all&country=US&media_type=all&search_type=page&view_all_page_id=1031841923353593&start_date[min]=2026-09-01
[evora_page_inactive] http=200 ads=0 total=None https://www.facebook.com/ads/library/?active_status=inactive&ad_type=all&country=US&media_type=all&search_type=page&view_all_page_id=1031841923353593
[natalie_brooks_page_all] http=200 ads=30 total=576 https://www.facebook.com/ads/library/?active_status=all&ad_type=all&country=US&media_type=all&search_type=page&view_all_page_id=998946876632416
[natalie_brooks_page_pre2026-09] http=403 ads=0 total=None https://www.facebook.com/ads/library/?active_status=all&ad_type=all&country=US&media_type=all&search_type=page&view_all_page_id=998946876632416&start_date[max]=2026-08-31
  403/err -> backoff 240s
[natalie_brooks_page_pre2026-09] http=200 ads=30 total=40 https://www.facebook.com/ads/library/?active_status=all&ad_type=all&country=US&media_type=all&search_type=page&view_all_page_id=998946876632416&start_date[max]=2026-08-31
[ageless_glow_today_page_all] http=200 ads=30 total=210 https://www.facebook.com/ads/library/?active_status=all&ad_type=all&country=US&media_type=all&search_type=page&view_all_page_id=957899007407821
[hannah_lewis_page_all] http=200 ads=30 total=33 https://www.facebook.com/ads/library/?active_status=all&ad_type=all&country=US&media_type=all&search_type=page&view_all_page_id=885138048026249
[daily_discounts_page_all] http=200 ads=30 total=43 https://www.facebook.com/ads/library/?active_status=all&ad_type=all&country=US&media_type=all&search_type=page&view_all_page_id=1237233869479317
[kw_evorabody_inactive] http=200 ads=0 total=None https://www.facebook.com/ads/library/?active_status=inactive&ad_type=all&country=US&media_type=all&q=evorabody&search_type=keyword_unordered
[kw_evorabody_pre2026-08] http=200 ads=30 total=30 https://www.facebook.com/ads/library/?active_status=all&ad_type=all&country=US&media_type=all&q=evorabody&search_type=keyword_unordered&start_date[max]=2026-07-31
[kw_crepey_body_oil] http=200 ads=30 total=4981 https://www.facebook.com/ads/library/?active_status=active&ad_type=all&country=US&media_type=all&q=crepey%20body%20oil&search_type=keyword_unordered
[kw_crepey_skin_pre2026-04] http=200 ads=0 total=None https://www.facebook.com/ads/library/?active_status=active&ad_type=all&country=US&media_type=all&q=crepey%20skin&search_type=keyword_unordered&start_date[max]=2026-03-31
[kw_crepe_skin_arms] http=200 ads=30 total=6036 https://www.facebook.com/ads/library/?active_status=active&ad_type=all&country=US&media_type=all&q=crepey%20arms&search_type=keyword_unordered
[kw_body_oil_over_50] http=err Page.content: Unable to retrieve content because the page is navigating and changing the content. ads=0 total=None https://www.facebook.com/ads/library/?active_status=active&ad_type=all&country=US&media_type=all&q=body%20oil%20women%20over%2050&search_type=keyword_unordered
  403/err -> backoff 240s
[kw_body_oil_over_50] http=200 ads=30 total=50001 https://www.facebook.com/ads/library/?active_status=active&ad_type=all&country=US&media_type=all&q=body%20oil%20women%20over%2050&search_type=keyword_unordered
[kw_crepey_exact] http=200 ads=30 total=14520 https://www.facebook.com/ads/library/?active_status=active&ad_type=all&country=US&media_type=all&q=crepey&search_type=keyword_exact_phrase&start_date[min]=2026-07-01
